// Bun Snapshot v1, https://goo.gl/fbAQLP

exports[`Transform pending transaction 1`] = `
{
  "amount": 5.4,
  "balance": null,
  "category": "travel",
  "currency": "CAD",
  "date": "2024-02-24",
  "description": "Uber",
  "internal_id": "NxkDjlyk45cQoDm5PEqJuKJaw6qrj9cy89zBA",
  "method": "other",
  "name": "Uber 063015 SF**POOL**",
  "status": "pending",
}
`;

exports[`Transform income transaction 1`] = `
{
  "amount": 1500,
  "balance": null,
  "category": "travel",
  "currency": "CAD",
  "date": "2024-02-22",
  "description": null,
  "internal_id": "5QKmMdaKWgtzkvKEPmqriLZR1mV3kMF5X9EeX",
  "method": "other",
  "name": "United Airlines",
  "status": "posted",
}
`;
